
==================== Strictness signatures ====================
AnonLambda.$trModule: tm(tm1,tm1)
AnonLambda.f: <S(S),U(U)>
AnonLambda.g: <S(S),1*U(1*U)>



==================== Strictness signatures ====================
AnonLambda.$trModule: tm(tm1,tm1)
AnonLambda.f: <S(S),1*U(U)>
AnonLambda.g: <S(S),1*U(1*U)>


