
==================== Strictness signatures ====================
BottomFromInnerLambda.$trModule: tm(tm1,tm1)
BottomFromInnerLambda.expensive: <S(S),1*U(U)>m(t)
BottomFromInnerLambda.f: <S(S),1*U(U)>



==================== Strictness signatures ====================
BottomFromInnerLambda.$trModule: tm(tm1,tm1)
BottomFromInnerLambda.expensive: <S(S),1*U(1*U)>m(t)
BottomFromInnerLambda.f: <S(S),1*U(1*U)>


