
==================== Strictness signatures ====================
CaseBinderCPR.$trModule: tm(tm1,tm1)
CaseBinderCPR.f_list_cmp: <L,C(C1(U(U)))><S,1*U><S,1*U>m()



==================== Strictness signatures ====================
CaseBinderCPR.$trModule: tm(tm1,tm1)
CaseBinderCPR.f_list_cmp: <L,C(C1(U(U)))><S,1*U><S,1*U>m(t)


