
==================== Strictness signatures ====================
FacState.$trModule: tm(tm1,tm1)
FacState.fac: <S(S),1*U(U)><L,U>m(,tm(t))



==================== Strictness signatures ====================
FacState.$trModule: tm(tm1,tm1)
FacState.fac: <S(S),1*U(U)><L,U>m(,tm(t))


