
==================== Strictness signatures ====================
HyperStrUse.$trModule: tm(tm1,tm1)
HyperStrUse.f: <S(S(S)L),1*U(1*U(U),A)><S,1*U>m(t)



==================== Strictness signatures ====================
HyperStrUse.$trModule: tm(tm1,tm1)
HyperStrUse.f: <S(S(S)L),1*U(1*U(U),A)><S,1*U>m(t)


