
==================== Strictness signatures ====================
StrAnalExample.$trModule: tm
StrAnalExample.foo: <S,1*U>



==================== Strictness signatures ====================
StrAnalExample.$trModule: tm
StrAnalExample.foo: <S,1*U>


