
==================== Strictness signatures ====================
StreamSig.$tc'Stream: tm(t,t,tm(tm1,tm1),tm1)
StreamSig.$tcStream: tm(t,t,tm(tm1,tm1),tm1)
StreamSig.$trModule: tm(tm1,tm1)
StreamSig.forever: <L,U>tm(,m(,m(,)))



==================== Strictness signatures ====================
StreamSig.$tc'Stream: tm(t,t,tm(tm1,tm1),tm1)
StreamSig.$tcStream: tm(t,t,tm(tm1,tm1),tm1)
StreamSig.$trModule: tm(tm1,tm1)
StreamSig.forever: <L,U>m(,m(,m(,)))


