
==================== Strictness signatures ====================
T12370.$trModule: tm(tm1,tm1)
T12370.bar: <S(S),1*U(U)><S(S),1*U(U)>m(t)
T12370.foo: <S(S(S)S(S)),1*U(1*U(U),1*U(U))>m(t)



==================== Strictness signatures ====================
T12370.$trModule: tm(tm1,tm1)
T12370.bar: <S(S),1*U(U)><S(S),1*U(U)>m(t)
T12370.foo: <S(S(S)S(S)),1*U(1*U(U),1*U(U))>m(t)


