
==================== FloatOut stats: ====================
1 Lets floated to top level; 0 Lets floated elsewhere; from 4 Lambda groups



==================== FloatOut stats: ====================
0 Lets floated to top level; 0 Lets floated elsewhere; from 3 Lambda groups



==================== Grand total simplifier statistics ====================
Total ticks:     15

2 PreInlineUnconditionally
  1 f
  1 lvl
1 UnfoldingDone 1 Roman.bar
1 RuleFired 1 foo/bar
3 LetFloatFromLet 3
1 EtaReduction 1 ds
7 BetaReduction
  1 f
  1 a
  1 m
  1 b
  1 m
  1 b
  1 m
9 SimplifierDone 9


