  {- HasNoCafRefs, Strictness: tm(t), Unfolding: (C# 'p'#) -}
  {- HasNoCafRefs, Strictness: tm(t), Unfolding: (C# 'q'#) -}
